2026-01-09T19:31:16.8459116Z Current runner version: '2.330.0'
2026-01-09T19:31:16.8483442Z ##[group]Runner Image Provisioner
2026-01-09T19:31:16.8484249Z Hosted Compute Agent
2026-01-09T19:31:16.8484937Z Version: 20251211.462
2026-01-09T19:31:16.8485526Z Commit: 6cbad8c2bb55d58165063d031ccabf57e2d2db61
2026-01-09T19:31:16.8486224Z Build Date: 2025-12-11T16:28:49Z
2026-01-09T19:31:16.8486905Z Worker ID: {454e646b-265f-42a9-a341-c3e2d7128aaa}
2026-01-09T19:31:16.8487646Z ##[endgroup]
2026-01-09T19:31:16.8488150Z ##[group]Operating System
2026-01-09T19:31:16.8488970Z Ubuntu
2026-01-09T19:31:16.8489466Z 24.04.3
2026-01-09T19:31:16.8489898Z LTS
2026-01-09T19:31:16.8490417Z ##[endgroup]
2026-01-09T19:31:16.8490946Z ##[group]Runner Image
2026-01-09T19:31:16.8491506Z Image: ubuntu-24.04
2026-01-09T19:31:16.8491972Z Version: 20260105.202.1
2026-01-09T19:31:16.8493053Z Included Software: https://github.com/actions/runner-images/blob/ubuntu24/20260105.202/images/ubuntu/Ubuntu2404-Readme.md
2026-01-09T19:31:16.8494539Z Image Release: https://github.com/actions/runner-images/releases/tag/ubuntu24%2F20260105.202
2026-01-09T19:31:16.8495599Z ##[endgroup]
2026-01-09T19:31:16.8496577Z ##[group]GITHUB_TOKEN Permissions
2026-01-09T19:31:16.8498679Z Contents: write
2026-01-09T19:31:16.8499263Z Metadata: read
2026-01-09T19:31:16.8499741Z ##[endgroup]
2026-01-09T19:31:16.8502017Z Secret source: Actions
2026-01-09T19:31:16.8502755Z Prepare workflow directory
2026-01-09T19:31:16.8824398Z Prepare all required actions
2026-01-09T19:31:16.8869355Z Getting action download info
2026-01-09T19:31:17.3797148Z Download action repository 'actions/checkout@v4' (SHA:34e114876b0b11c390a56381ad16ebd13914f8d5)
2026-01-09T19:31:17.4949045Z Download action repository 'actions/setup-java@v4' (SHA:c1e323688fd81a25caa38c78aa6df2d33d3e20d9)
2026-01-09T19:31:18.1067204Z Download action repository 'ncipollo/release-action@v1' (SHA:b7eabc95ff50cbeeedec83973935c8f306dfcd0b)
2026-01-09T19:31:18.8471563Z Complete job name: build
2026-01-09T19:31:18.9285690Z ##[group]Run actions/checkout@v4
2026-01-09T19:31:18.9286813Z with:
2026-01-09T19:31:18.9287255Z   fetch-depth: 0
2026-01-09T19:31:18.9287789Z   repository: mirror-2922/BeautyApp
2026-01-09T19:31:18.9289217Z   token: ***
2026-01-09T19:31:18.9289706Z   ssh-strict: true
2026-01-09T19:31:18.9290190Z   ssh-user: git
2026-01-09T19:31:18.9290691Z   persist-credentials: true
2026-01-09T19:31:18.9291285Z   clean: true
2026-01-09T19:31:18.9291777Z   sparse-checkout-cone-mode: true
2026-01-09T19:31:18.9292441Z   fetch-tags: false
2026-01-09T19:31:18.9292934Z   show-progress: true
2026-01-09T19:31:18.9293442Z   lfs: false
2026-01-09T19:31:18.9293902Z   submodules: false
2026-01-09T19:31:18.9294413Z   set-safe-directory: true
2026-01-09T19:31:18.9295245Z ##[endgroup]
2026-01-09T19:31:19.0429916Z Syncing repository: mirror-2922/BeautyApp
2026-01-09T19:31:19.0432347Z ##[group]Getting Git version info
2026-01-09T19:31:19.0433382Z Working directory is '/home/runner/work/BeautyApp/BeautyApp'
2026-01-09T19:31:19.0434876Z [command]/usr/bin/git version
2026-01-09T19:31:19.0501509Z git version 2.52.0
2026-01-09T19:31:19.0531957Z ##[endgroup]
2026-01-09T19:31:19.0558959Z Temporarily overriding HOME='/home/runner/work/_temp/1a28d88f-edcf-4741-90e3-986431ea0597' before making global git config changes
2026-01-09T19:31:19.0561706Z Adding repository directory to the temporary git global config as a safe directory
2026-01-09T19:31:19.0564178Z [command]/usr/bin/git config --global --add safe.directory /home/runner/work/BeautyApp/BeautyApp
2026-01-09T19:31:19.0609377Z Deleting the contents of '/home/runner/work/BeautyApp/BeautyApp'
2026-01-09T19:31:19.0613458Z ##[group]Initializing the repository
2026-01-09T19:31:19.0617984Z [command]/usr/bin/git init /home/runner/work/BeautyApp/BeautyApp
2026-01-09T19:31:19.0742127Z hint: Using 'master' as the name for the initial branch. This default branch name
2026-01-09T19:31:19.0745074Z hint: will change to "main" in Git 3.0. To configure the initial branch name
2026-01-09T19:31:19.0746883Z hint: to use in all of your new repositories, which will suppress this warning,
2026-01-09T19:31:19.0748701Z hint: call:
2026-01-09T19:31:19.0749223Z hint:
2026-01-09T19:31:19.0750024Z hint: 	git config --global init.defaultBranch <name>
2026-01-09T19:31:19.0751553Z hint:
2026-01-09T19:31:19.0752363Z hint: Names commonly chosen instead of 'master' are 'main', 'trunk' and
2026-01-09T19:31:19.0753825Z hint: 'development'. The just-created branch can be renamed via this command:
2026-01-09T19:31:19.0754904Z hint:
2026-01-09T19:31:19.0755344Z hint: 	git branch -m <name>
2026-01-09T19:31:19.0755891Z hint:
2026-01-09T19:31:19.0756894Z hint: Disable this message with "git config set advice.defaultBranchName false"
2026-01-09T19:31:19.0759791Z Initialized empty Git repository in /home/runner/work/BeautyApp/BeautyApp/.git/
2026-01-09T19:31:19.0762600Z [command]/usr/bin/git remote add origin https://github.com/mirror-2922/BeautyApp
2026-01-09T19:31:19.0798775Z ##[endgroup]
2026-01-09T19:31:19.0800021Z ##[group]Disabling automatic garbage collection
2026-01-09T19:31:19.0802444Z [command]/usr/bin/git config --local gc.auto 0
2026-01-09T19:31:19.0835163Z ##[endgroup]
2026-01-09T19:31:19.0836449Z ##[group]Setting up auth
2026-01-09T19:31:19.0842586Z [command]/usr/bin/git config --local --name-only --get-regexp core\.sshCommand
2026-01-09T19:31:19.0875046Z [command]/usr/bin/git submodule foreach --recursive sh -c "git config --local --name-only --get-regexp 'core\.sshCommand' && git config --local --unset-all 'core.sshCommand' || :"
2026-01-09T19:31:19.1218447Z [command]/usr/bin/git config --local --name-only --get-regexp http\.https\:\/\/github\.com\/\.extraheader
2026-01-09T19:31:19.1252288Z [command]/usr/bin/git submodule foreach --recursive sh -c "git config --local --name-only --get-regexp 'http\.https\:\/\/github\.com\/\.extraheader' && git config --local --unset-all 'http.https://github.com/.extraheader' || :"
2026-01-09T19:31:19.1513744Z [command]/usr/bin/git config --local --name-only --get-regexp ^includeIf\.gitdir:
2026-01-09T19:31:19.1555724Z [command]/usr/bin/git submodule foreach --recursive git config --local --show-origin --name-only --get-regexp remote.origin.url
2026-01-09T19:31:19.1787519Z [command]/usr/bin/git config --local http.https://github.com/.extraheader AUTHORIZATION: basic ***
2026-01-09T19:31:19.2299287Z ##[endgroup]
2026-01-09T19:31:19.2308607Z ##[group]Fetching the repository
2026-01-09T19:31:19.2311143Z [command]/usr/bin/git -c protocol.version=2 fetch --prune --no-recurse-submodules origin +refs/heads/*:refs/remotes/origin/* +refs/tags/*:refs/tags/*
2026-01-09T19:31:28.2962694Z From https://github.com/mirror-2922/BeautyApp
2026-01-09T19:31:28.2963548Z  * [new branch]      master     -> origin/master
2026-01-09T19:31:28.3002138Z [command]/usr/bin/git branch --list --remote origin/master
2026-01-09T19:31:28.3027191Z   origin/master
2026-01-09T19:31:28.3038000Z [command]/usr/bin/git rev-parse refs/remotes/origin/master
2026-01-09T19:31:28.3061021Z 3a14086b8e294facb59e3acf4fd5446230b58f55
2026-01-09T19:31:28.3066014Z ##[endgroup]
2026-01-09T19:31:28.3068689Z ##[group]Determining the checkout info
2026-01-09T19:31:28.3069556Z ##[endgroup]
2026-01-09T19:31:28.3074700Z [command]/usr/bin/git sparse-checkout disable
2026-01-09T19:31:28.3117847Z [command]/usr/bin/git config --local --unset-all extensions.worktreeConfig
2026-01-09T19:31:28.3150331Z ##[group]Checking out the ref
2026-01-09T19:31:28.3153071Z [command]/usr/bin/git checkout --progress --force -B master refs/remotes/origin/master
2026-01-09T19:31:29.8784050Z Updating files:  58% (663/1136)
2026-01-09T19:31:30.1788588Z Updating files:  59% (671/1136)
2026-01-09T19:31:30.3473059Z Updating files:  60% (682/1136)
2026-01-09T19:31:30.5123030Z Updating files:  60% (687/1136)
2026-01-09T19:31:30.5366748Z Updating files:  61% (693/1136)
2026-01-09T19:31:30.5370417Z Updating files:  62% (705/1136)
2026-01-09T19:31:30.5393775Z Updating files:  63% (716/1136)
2026-01-09T19:31:30.5416617Z Updating files:  64% (728/1136)
2026-01-09T19:31:30.5425113Z Updating files:  65% (739/1136)
2026-01-09T19:31:30.5433727Z Updating files:  66% (750/1136)
2026-01-09T19:31:30.5442238Z Updating files:  67% (762/1136)
2026-01-09T19:31:30.5462175Z Updating files:  68% (773/1136)
2026-01-09T19:31:30.5525846Z Updating files:  69% (784/1136)
2026-01-09T19:31:30.5549135Z Updating files:  70% (796/1136)
2026-01-09T19:31:30.5558928Z Updating files:  71% (807/1136)
2026-01-09T19:31:30.5567232Z Updating files:  72% (818/1136)
2026-01-09T19:31:30.5578787Z Updating files:  73% (830/1136)
2026-01-09T19:31:30.5590273Z Updating files:  74% (841/1136)
2026-01-09T19:31:30.5602911Z Updating files:  75% (852/1136)
2026-01-09T19:31:30.5614047Z Updating files:  76% (864/1136)
2026-01-09T19:31:30.5623931Z Updating files:  77% (875/1136)
2026-01-09T19:31:30.5633129Z Updating files:  78% (887/1136)
2026-01-09T19:31:30.5639663Z Updating files:  79% (898/1136)
2026-01-09T19:31:30.5648989Z Updating files:  80% (909/1136)
2026-01-09T19:31:30.5655929Z Updating files:  81% (921/1136)
2026-01-09T19:31:30.5663788Z Updating files:  82% (932/1136)
2026-01-09T19:31:30.5675452Z Updating files:  83% (943/1136)
2026-01-09T19:31:30.5682474Z Updating files:  84% (955/1136)
2026-01-09T19:31:30.5688891Z Updating files:  85% (966/1136)
2026-01-09T19:31:30.5696602Z Updating files:  86% (977/1136)
2026-01-09T19:31:30.5702599Z Updating files:  87% (989/1136)
2026-01-09T19:31:30.5712359Z Updating files:  88% (1000/1136)
2026-01-09T19:31:30.5729567Z Updating files:  89% (1012/1136)
2026-01-09T19:31:30.5742471Z Updating files:  90% (1023/1136)
2026-01-09T19:31:30.5754894Z Updating files:  91% (1034/1136)
2026-01-09T19:31:30.5761308Z Updating files:  92% (1046/1136)
2026-01-09T19:31:30.5775113Z Updating files:  93% (1057/1136)
2026-01-09T19:31:31.2594860Z Updating files:  94% (1068/1136)
2026-01-09T19:31:31.3295960Z Updating files:  95% (1080/1136)
2026-01-09T19:31:31.3488129Z Updating files:  95% (1090/1136)
2026-01-09T19:31:31.4955369Z Updating files:  96% (1091/1136)
2026-01-09T19:31:31.6853492Z Updating files:  97% (1102/1136)
2026-01-09T19:31:31.8682159Z Updating files:  98% (1114/1136)
2026-01-09T19:31:31.9446334Z Updating files:  99% (1125/1136)
2026-01-09T19:31:31.9447202Z Updating files: 100% (1136/1136)
2026-01-09T19:31:31.9447710Z Updating files: 100% (1136/1136), done.
2026-01-09T19:31:31.9472982Z Reset branch 'master'
2026-01-09T19:31:31.9475766Z branch 'master' set up to track 'origin/master'.
2026-01-09T19:31:31.9600689Z ##[endgroup]
2026-01-09T19:31:31.9651888Z [command]/usr/bin/git log -1 --format=%H
2026-01-09T19:31:31.9678685Z 3a14086b8e294facb59e3acf4fd5446230b58f55
2026-01-09T19:31:31.9939215Z ##[group]Run actions/setup-java@v4
2026-01-09T19:31:31.9939636Z with:
2026-01-09T19:31:31.9939951Z   java-version: 17
2026-01-09T19:31:31.9940210Z   distribution: temurin
2026-01-09T19:31:31.9940580Z   cache: gradle
2026-01-09T19:31:31.9940883Z   java-package: jdk
2026-01-09T19:31:31.9941137Z   check-latest: false
2026-01-09T19:31:31.9941462Z   server-id: github
2026-01-09T19:31:31.9941730Z   server-username: GITHUB_ACTOR
2026-01-09T19:31:31.9942094Z   server-password: GITHUB_TOKEN
2026-01-09T19:31:31.9942391Z   overwrite-settings: true
2026-01-09T19:31:31.9942770Z   job-status: success
2026-01-09T19:31:31.9943219Z   token: ***
2026-01-09T19:31:31.9943447Z ##[endgroup]
2026-01-09T19:31:32.2186991Z ##[group]Installed distributions
2026-01-09T19:31:32.2257567Z Resolved Java 17.0.17+10 from tool-cache
2026-01-09T19:31:32.2258730Z Setting Java 17.0.17+10 as the default
2026-01-09T19:31:32.2273258Z Creating toolchains.xml for JDK version 17 from temurin
2026-01-09T19:31:32.2355360Z Writing to /home/runner/.m2/toolchains.xml
2026-01-09T19:31:32.2355763Z 
2026-01-09T19:31:32.2355898Z Java configuration:
2026-01-09T19:31:32.2357187Z   Distribution: temurin
2026-01-09T19:31:32.2357578Z   Version: 17.0.17+10
2026-01-09T19:31:32.2358670Z   Path: /opt/hostedtoolcache/Java_Temurin-Hotspot_jdk/17.0.17-10/x64
2026-01-09T19:31:32.2359186Z 
2026-01-09T19:31:32.2359895Z ##[endgroup]
2026-01-09T19:31:32.2383076Z Creating settings.xml with server-id: github
2026-01-09T19:31:32.2387090Z Writing to /home/runner/.m2/settings.xml
2026-01-09T19:31:32.7824591Z gradle cache is not found
2026-01-09T19:31:32.7972786Z ##[group]Run chmod +x gradlew
2026-01-09T19:31:32.7973105Z [36;1mchmod +x gradlew[0m
2026-01-09T19:31:32.8010595Z shell: /usr/bin/bash -e {0}
2026-01-09T19:31:32.8010842Z env:
2026-01-09T19:31:32.8011143Z   JAVA_HOME: /opt/hostedtoolcache/Java_Temurin-Hotspot_jdk/17.0.17-10/x64
2026-01-09T19:31:32.8011624Z   JAVA_HOME_17_X64: /opt/hostedtoolcache/Java_Temurin-Hotspot_jdk/17.0.17-10/x64
2026-01-09T19:31:32.8011975Z ##[endgroup]
2026-01-09T19:31:32.8132774Z ##[group]Run ./gradlew assembleDebug
2026-01-09T19:31:32.8133108Z [36;1m./gradlew assembleDebug[0m
2026-01-09T19:31:32.8166173Z shell: /usr/bin/bash -e {0}
2026-01-09T19:31:32.8166408Z env:
2026-01-09T19:31:32.8166695Z   JAVA_HOME: /opt/hostedtoolcache/Java_Temurin-Hotspot_jdk/17.0.17-10/x64
2026-01-09T19:31:32.8167197Z   JAVA_HOME_17_X64: /opt/hostedtoolcache/Java_Temurin-Hotspot_jdk/17.0.17-10/x64
2026-01-09T19:31:32.8167571Z ##[endgroup]
2026-01-09T19:31:33.9442834Z Downloading https://services.gradle.org/distributions/gradle-8.13-bin.zip
2026-01-09T19:31:36.4960846Z .............10%.............20%.............30%.............40%.............50%.............60%.............70%.............80%.............90%.............100%
2026-01-09T19:31:37.9132368Z 
2026-01-09T19:31:37.9135003Z Welcome to Gradle 8.13!
2026-01-09T19:31:37.9135385Z 
2026-01-09T19:31:37.9137519Z Here are the highlights of this release:
2026-01-09T19:31:37.9139222Z  - Daemon JVM auto-provisioning
2026-01-09T19:31:37.9143735Z  - Enhancements for Scala plugin and JUnit testing
2026-01-09T19:31:37.9144611Z  - Improvements for build authors and plugin developers
2026-01-09T19:31:37.9151453Z 
2026-01-09T19:31:37.9152083Z For more details see https://docs.gradle.org/8.13/release-notes.html
2026-01-09T19:31:37.9152557Z 
2026-01-09T19:31:38.0091014Z Starting a Gradle Daemon (subsequent builds will be faster)
2026-01-09T19:32:44.7104405Z > Task :app:preBuild UP-TO-DATE
2026-01-09T19:32:44.7145309Z > Task :app:preDebugBuild UP-TO-DATE
2026-01-09T19:32:44.7146163Z > Task :app:mergeDebugNativeDebugMetadata NO-SOURCE
2026-01-09T19:32:44.7148033Z > Task :app:checkKotlinGradlePluginConfigurationErrors SKIPPED
2026-01-09T19:33:14.7086124Z > Task :app:checkDebugAarMetadata
2026-01-09T19:34:26.2085586Z > Task :app:processDebugNavigationResources
2026-01-09T19:34:27.6103454Z > Task :app:generateDebugResValues
2026-01-09T19:34:27.6104410Z > Task :app:compileDebugNavigationResources
2026-01-09T19:34:27.7085153Z > Task :app:mapDebugSourceSetPaths
2026-01-09T19:34:27.7093893Z > Task :app:generateDebugResources
2026-01-09T19:34:28.7099503Z > Task :app:packageDebugResources
2026-01-09T19:34:29.6084623Z > Task :app:mergeDebugResources
2026-01-09T19:34:29.8088035Z > Task :app:createDebugCompatibleScreenManifests
2026-01-09T19:34:29.8093174Z > Task :app:extractDeepLinksDebug
2026-01-09T19:34:30.0093395Z > Task :app:parseDebugLocalResources
2026-01-09T19:34:30.2084930Z > Task :app:processDebugMainManifest
2026-01-09T19:34:30.3084847Z > Task :app:processDebugManifest
2026-01-09T19:34:30.3085586Z > Task :app:javaPreCompileDebug
2026-01-09T19:34:30.4085991Z > Task :app:mergeDebugShaders
2026-01-09T19:34:30.4089751Z > Task :app:compileDebugShaders NO-SOURCE
2026-01-09T19:34:30.4093677Z > Task :app:generateDebugAssets UP-TO-DATE
2026-01-09T19:34:30.5139358Z > Task :app:mergeDebugAssets
2026-01-09T19:34:30.5162819Z > Task :app:processDebugManifestForPackage
2026-01-09T19:34:31.5085875Z > Task :app:desugarDebugFileDependencies
2026-01-09T19:34:33.5084699Z > Task :app:compressDebugAssets
2026-01-09T19:34:33.6109808Z > Task :app:checkDebugDuplicateClasses
2026-01-09T19:34:33.9084888Z > Task :app:processDebugResources
2026-01-09T19:34:36.2087910Z 
2026-01-09T19:34:36.2088912Z > Task :app:configureCMakeDebug[arm64-v8a]
2026-01-09T19:34:36.2090064Z Checking the license for package CMake 3.22.1 in /usr/local/lib/android/sdk/licenses
2026-01-09T19:34:36.2091258Z License for package CMake 3.22.1 accepted.
2026-01-09T19:34:36.2092493Z Preparing "Install CMake 3.22.1 v.3.22.1".
2026-01-09T19:34:37.5084415Z "Install CMake 3.22.1 v.3.22.1" ready.
2026-01-09T19:34:37.8090028Z Installing CMake 3.22.1 in /usr/local/lib/android/sdk/cmake/3.22.1
2026-01-09T19:34:37.8090712Z "Install CMake 3.22.1 v.3.22.1" complete.
2026-01-09T19:34:37.8091185Z "Install CMake 3.22.1 v.3.22.1" finished.
2026-01-09T19:35:16.6087198Z 
2026-01-09T19:35:16.6129718Z > Task :app:compileDebugKotlin
2026-01-09T19:35:28.1085342Z > Task :app:mergeExtDexDebug
2026-01-09T19:35:36.5084082Z 
2026-01-09T19:35:36.5085512Z > Task :app:compileDebugKotlin
2026-01-09T19:35:36.5086937Z w: file:///home/runner/work/BeautyApp/BeautyApp/app/src/main/java/com/example/beautyapp/MainActivity.kt:33:27 'static fun initDebug(): Boolean' is deprecated. Deprecated in Java.
2026-01-09T19:35:36.5140604Z w: file:///home/runner/work/BeautyApp/BeautyApp/app/src/main/java/com/example/beautyapp/ui/CameraScreen.kt:339:18 'fun setTargetResolution(p0: Size): ImageAnalysis.Builder' is deprecated. Deprecated in Java.
2026-01-09T19:35:36.5143413Z w: file:///home/runner/work/BeautyApp/BeautyApp/app/src/main/java/com/example/beautyapp/ui/ModelManagementScreen.kt:38:58 'val Icons.Filled.ArrowBack: ImageVector' is deprecated. Use the AutoMirrored version at Icons.AutoMirrored.Filled.ArrowBack.
2026-01-09T19:35:36.5146902Z w: file:///home/runner/work/BeautyApp/BeautyApp/app/src/main/java/com/example/beautyapp/ui/ModelManagementScreen.kt:198:21 'fun LinearProgressIndicator(progress: Float, modifier: Modifier = ..., color: Color = ..., trackColor: Color = ..., strokeCap: StrokeCap = ...): Unit' is deprecated. Use the overload that takes `progress` as a lambda.
2026-01-09T19:35:36.5150516Z w: file:///home/runner/work/BeautyApp/BeautyApp/app/src/main/java/com/example/beautyapp/ui/SettingsScreen.kt:30:44 'val Icons.Filled.ArrowBack: ImageVector' is deprecated. Use the AutoMirrored version at Icons.AutoMirrored.Filled.ArrowBack.
2026-01-09T19:35:36.5153469Z w: file:///home/runner/work/BeautyApp/BeautyApp/app/src/main/java/com/example/beautyapp/ui/SettingsScreen.kt:60:13 'fun Divider(modifier: Modifier = ..., thickness: Dp = ..., color: Color = ...): Unit' is deprecated. Renamed to HorizontalDivider.
2026-01-09T19:35:36.5156380Z w: file:///home/runner/work/BeautyApp/BeautyApp/app/src/main/java/com/example/beautyapp/ui/SettingsScreen.kt:94:13 'fun Divider(modifier: Modifier = ..., thickness: Dp = ..., color: Color = ...): Unit' is deprecated. Renamed to HorizontalDivider.
2026-01-09T19:35:36.5159463Z w: file:///home/runner/work/BeautyApp/BeautyApp/app/src/main/java/com/example/beautyapp/ui/SettingsScreen.kt:132:13 'fun Divider(modifier: Modifier = ..., thickness: Dp = ..., color: Color = ...): Unit' is deprecated. Renamed to HorizontalDivider.
2026-01-09T19:35:36.5162526Z w: file:///home/runner/work/BeautyApp/BeautyApp/app/src/main/java/com/example/beautyapp/ui/YoloObjectListScreen.kt:37:44 'val Icons.Filled.ArrowBack: ImageVector' is deprecated. Use the AutoMirrored version at Icons.AutoMirrored.Filled.ArrowBack.
2026-01-09T19:35:36.5165423Z w: file:///home/runner/work/BeautyApp/BeautyApp/app/src/main/java/com/example/beautyapp/util/ImageExtensions.kt:12:16 This extension is shadowed by a member: 'fun toBitmap(): Bitmap' defined in 'androidx/camera/core/ImageProxy'.
2026-01-09T19:36:30.6106994Z 
2026-01-09T19:36:30.6108641Z > Task :app:compileDebugJavaWithJavac NO-SOURCE
2026-01-09T19:36:32.0086519Z > Task :app:dexBuilderDebug
2026-01-09T19:36:32.3089291Z > Task :app:mergeDebugGlobalSynthetics
2026-01-09T19:36:32.3089818Z > Task :app:processDebugJavaRes
2026-01-09T19:36:34.3085201Z > Task :app:mergeLibDexDebug
2026-01-09T19:36:34.4084977Z > Task :app:mergeProjectDexDebug
2026-01-09T19:36:36.3119440Z > Task :app:mergeDebugJavaResource
2026-01-09T19:36:36.3124309Z 
2026-01-09T19:36:36.3124825Z > Task :app:buildCMakeDebug[arm64-v8a]
2026-01-09T19:36:36.3125859Z C/C++: ninja: Entering directory `/home/runner/work/BeautyApp/BeautyApp/app/.cxx/Debug/1y472r4q/arm64-v8a'
2026-01-09T19:36:36.3131645Z C/C++: /usr/local/lib/android/sdk/ndk/28.2.13676358/toolchains/llvm/prebuilt/linux-x86_64/bin/clang++ --target=aarch64-none-linux-android26 --sysroot=/usr/local/lib/android/sdk/ndk/28.2.13676358/toolchains/llvm/prebuilt/linux-x86_64/sysroot -Dbeautyapp_EXPORTS  -g -DANDROID -fdata-sections -ffunction-sections -funwind-tables -fstack-protector-strong -no-canonical-prefixes -D_FORTIFY_SOURCE=2 -Wformat -Werror=format-security  -std=c++17 -fno-limit-debug-info  -fPIC -MD -MT CMakeFiles/beautyapp.dir/utils/utils.cpp.o -MF CMakeFiles/beautyapp.dir/utils/utils.cpp.o.d -o CMakeFiles/beautyapp.dir/utils/utils.cpp.o -c /home/runner/work/BeautyApp/BeautyApp/app/src/main/cpp/utils/utils.cpp
2026-01-09T19:36:36.3136949Z C/C++: In file included from /home/runner/work/BeautyApp/BeautyApp/app/src/main/cpp/utils/utils.cpp:1:
2026-01-09T19:36:36.3138609Z C/C++: /home/runner/work/BeautyApp/BeautyApp/app/src/main/cpp/utils/utils.h:3:10: fatal error: 'opencv2/opencv.hpp' file not found
2026-01-09T19:36:36.3139796Z C/C++:     3 | #include <opencv2/opencv.hpp>
2026-01-09T19:36:36.3170388Z C/C++:       |          ^~~~~~~~~~~~~~~~~~~~
2026-01-09T19:36:36.3170856Z C/C++: 1 error generated.
2026-01-09T19:36:37.6092551Z C/C++: /usr/local/lib/android/sdk/ndk/28.2.13676358/toolchains/llvm/prebuilt/linux-x86_64/bin/clang++ --target=aarch64-none-linux-android26 --sysroot=/usr/local/lib/android/sdk/ndk/28.2.13676358/toolchains/llvm/prebuilt/linux-x86_64/sysroot -Dbeautyapp_EXPORTS  -g -DANDROID -fdata-sections -ffunction-sections -funwind-tables -fstack-protector-strong -no-canonical-prefixes -D_FORTIFY_SOURCE=2 -Wformat -Werror=format-security  -std=c++17 -fno-limit-debug-info  -fPIC -MD -MT CMakeFiles/beautyapp.dir/ai/ai.cpp.o -MF CMakeFiles/beautyapp.dir/ai/ai.cpp.o.d -o CMakeFiles/beautyapp.dir/ai/ai.cpp.o -c /home/runner/work/BeautyApp/BeautyApp/app/src/main/cpp/ai/ai.cpp
2026-01-09T19:36:37.6098417Z C/C++: In file included from /home/runner/work/BeautyApp/BeautyApp/app/src/main/cpp/ai/ai.cpp:1:
2026-01-09T19:36:37.6099402Z C/C++: In file included from /home/runner/work/BeautyApp/BeautyApp/app/src/main/cpp/ai/ai.h:7:
2026-01-09T19:36:37.6100627Z C/C++: /home/runner/work/BeautyApp/BeautyApp/app/src/main/cpp/ai/YoloDetector.h:2:10: fatal error: 'opencv2/opencv.hpp' file not found
2026-01-09T19:36:37.6101563Z C/C++:     2 | #include <opencv2/opencv.hpp>
2026-01-09T19:36:37.6101986Z C/C++:       |          ^~~~~~~~~~~~~~~~~~~~
2026-01-09T19:36:37.6102363Z C/C++: 1 error generated.
2026-01-09T19:36:37.6106478Z C/C++: /usr/local/lib/android/sdk/ndk/28.2.13676358/toolchains/llvm/prebuilt/linux-x86_64/bin/clang++ --target=aarch64-none-linux-android26 --sysroot=/usr/local/lib/android/sdk/ndk/28.2.13676358/toolchains/llvm/prebuilt/linux-x86_64/sysroot -Dbeautyapp_EXPORTS  -g -DANDROID -fdata-sections -ffunction-sections -funwind-tables -fstack-protector-strong -no-canonical-prefixes -D_FORTIFY_SOURCE=2 -Wformat -Werror=format-security  -std=c++17 -fno-limit-debug-info  -fPIC -MD -MT CMakeFiles/beautyapp.dir/filters/filters.cpp.o -MF CMakeFiles/beautyapp.dir/filters/filters.cpp.o.d -o CMakeFiles/beautyapp.dir/filters/filters.cpp.o -c /home/runner/work/BeautyApp/BeautyApp/app/src/main/cpp/filters/filters.cpp
2026-01-09T19:36:37.6111068Z C/C++: In file included from /home/runner/work/BeautyApp/BeautyApp/app/src/main/cpp/filters/filters.cpp:1:
2026-01-09T19:36:37.6112332Z C/C++: /home/runner/work/BeautyApp/BeautyApp/app/src/main/cpp/filters/filters.h:3:10: fatal error: 'opencv2/opencv.hpp' file not found
2026-01-09T19:36:37.6113254Z C/C++:     3 | #include <opencv2/opencv.hpp>
2026-01-09T19:36:37.6113674Z C/C++:       |          ^~~~~~~~~~~~~~~~~~~~
2026-01-09T19:36:37.6114043Z C/C++: 1 error generated.
2026-01-09T19:36:37.9090629Z C/C++: /usr/local/lib/android/sdk/ndk/28.2.13676358/toolchains/llvm/prebuilt/linux-x86_64/bin/clang++ --target=aarch64-none-linux-android26 --sysroot=/usr/local/lib/android/sdk/ndk/28.2.13676358/toolchains/llvm/prebuilt/linux-x86_64/sysroot -Dbeautyapp_EXPORTS  -g -DANDROID -fdata-sections -ffunction-sections -funwind-tables -fstack-protector-strong -no-canonical-prefixes -D_FORTIFY_SOURCE=2 -Wformat -Werror=format-security  -std=c++17 -fno-limit-debug-info  -fPIC -MD -MT CMakeFiles/beautyapp.dir/ai/YoloDetector.cpp.o -MF CMakeFiles/beautyapp.dir/ai/YoloDetector.cpp.o.d -o CMakeFiles/beautyapp.dir/ai/YoloDetector.cpp.o -c /home/runner/work/BeautyApp/BeautyApp/app/src/main/cpp/ai/YoloDetector.cpp
2026-01-09T19:36:37.9096856Z C/C++: In file included from /home/runner/work/BeautyApp/BeautyApp/app/src/main/cpp/ai/YoloDetector.cpp:1:
2026-01-09T19:36:37.9098924Z C/C++: /home/runner/work/BeautyApp/BeautyApp/app/src/main/cpp/ai/YoloDetector.h:2:10: fatal error: 'opencv2/opencv.hpp' file not found
2026-01-09T19:36:37.9100079Z C/C++:     2 | #include <opencv2/opencv.hpp>
2026-01-09T19:36:37.9100620Z C/C++:       |          ^~~~~~~~~~~~~~~~~~~~
2026-01-09T19:36:37.9101123Z C/C++: 1 error generated.
2026-01-09T19:36:38.0093658Z C/C++: /usr/local/lib/android/sdk/ndk/28.2.13676358/toolchains/llvm/prebuilt/linux-x86_64/bin/clang++ --target=aarch64-none-linux-android26 --sysroot=/usr/local/lib/android/sdk/ndk/28.2.13676358/toolchains/llvm/prebuilt/linux-x86_64/sysroot -Dbeautyapp_EXPORTS  -g -DANDROID -fdata-sections -ffunction-sections -funwind-tables -fstack-protector-strong -no-canonical-prefixes -D_FORTIFY_SOURCE=2 -Wformat -Werror=format-security  -std=c++17 -fno-limit-debug-info  -fPIC -MD -MT CMakeFiles/beautyapp.dir/native-lib.cpp.o -MF CMakeFiles/beautyapp.dir/native-lib.cpp.o.d -o CMakeFiles/beautyapp.dir/native-lib.cpp.o -c /home/runner/work/BeautyApp/BeautyApp/app/src/main/cpp/native-lib.cpp
2026-01-09T19:36:38.0098590Z C/C++: /home/runner/work/BeautyApp/BeautyApp/app/src/main/cpp/native-lib.cpp:5:10: fatal error: 'opencv2/imgproc.hpp' file not found
2026-01-09T19:36:38.0099595Z C/C++:     5 | #include <opencv2/imgproc.hpp>
2026-01-09T19:36:38.0100029Z C/C++:       |          ^~~~~~~~~~~~~~~~~~~~~
2026-01-09T19:36:38.0100411Z C/C++: 1 error generated.
2026-01-09T19:36:38.0100623Z 
2026-01-09T19:36:38.0100797Z > Task :app:buildCMakeDebug[arm64-v8a] FAILED
2026-01-09T19:36:42.3099404Z 
2026-01-09T19:36:42.3099887Z FAILURE: Build failed with an exception.
2026-01-09T19:36:42.3100268Z 
2026-01-09T19:36:42.3110306Z * What went wrong:
2026-01-09T19:36:42.3110844Z Execution failed for task ':app:buildCMakeDebug[arm64-v8a]'.
2026-01-09T19:36:42.3112106Z > com.android.ide.common.process.ProcessException: ninja: Entering directory `/home/runner/work/BeautyApp/BeautyApp/app/.cxx/Debug/1y472r4q/arm64-v8a'
2026-01-09T19:36:42.3113491Z   [1/6] Building CXX object CMakeFiles/beautyapp.dir/utils/utils.cpp.o
2026-01-09T19:36:42.3114193Z   FAILED: CMakeFiles/beautyapp.dir/utils/utils.cpp.o 
2026-01-09T19:36:42.3145816Z   /usr/local/lib/android/sdk/ndk/28.2.13676358/toolchains/llvm/prebuilt/linux-x86_64/bin/clang++ --target=aarch64-none-linux-android26 --sysroot=/usr/local/lib/android/sdk/ndk/28.2.13676358/toolchains/llvm/prebuilt/linux-x86_64/sysroot -Dbeautyapp_EXPORTS  -g -DANDROID -fdata-sections -ffunction-sections -funwind-tables -fstack-protector-strong -no-canonical-prefixes -D_FORTIFY_SOURCE=2 -Wformat -Werror=format-security  -std=c++17 -fno-limit-debug-info  -fPIC -MD -MT CMakeFiles/beautyapp.dir/utils/utils.cpp.o -MF CMakeFiles/beautyapp.dir/utils/utils.cpp.o.d -o CMakeFiles/beautyapp.dir/utils/utils.cpp.o -c /home/runner/work/BeautyApp/BeautyApp/app/src/main/cpp/utils/utils.cpp
2026-01-09T19:36:42.3151265Z   In file included from /home/runner/work/BeautyApp/BeautyApp/app/src/main/cpp/utils/utils.cpp:1:
2026-01-09T19:36:42.3152522Z   /home/runner/work/BeautyApp/BeautyApp/app/src/main/cpp/utils/utils.h:3:10: fatal error: 'opencv2/opencv.hpp' file not found
2026-01-09T19:36:42.3153476Z       3 | #include <opencv2/opencv.hpp>
2026-01-09T19:36:42.3153875Z         |          ^~~~~~~~~~~~~~~~~~~~
2026-01-09T19:36:42.3154239Z   1 error generated.
2026-01-09T19:36:42.3154680Z   [2/6] Building CXX object CMakeFiles/beautyapp.dir/ai/ai.cpp.o
2026-01-09T19:36:42.3155273Z   FAILED: CMakeFiles/beautyapp.dir/ai/ai.cpp.o 
2026-01-09T19:36:42.3160086Z   /usr/local/lib/android/sdk/ndk/28.2.13676358/toolchains/llvm/prebuilt/linux-x86_64/bin/clang++ --target=aarch64-none-linux-android26 --sysroot=/usr/local/lib/android/sdk/ndk/28.2.13676358/toolchains/llvm/prebuilt/linux-x86_64/sysroot -Dbeautyapp_EXPORTS  -g -DANDROID -fdata-sections -ffunction-sections -funwind-tables -fstack-protector-strong -no-canonical-prefixes -D_FORTIFY_SOURCE=2 -Wformat -Werror=format-security  -std=c++17 -fno-limit-debug-info  -fPIC -MD -MT CMakeFiles/beautyapp.dir/ai/ai.cpp.o -MF CMakeFiles/beautyapp.dir/ai/ai.cpp.o.d -o CMakeFiles/beautyapp.dir/ai/ai.cpp.o -c /home/runner/work/BeautyApp/BeautyApp/app/src/main/cpp/ai/ai.cpp
2026-01-09T19:36:42.3164731Z   In file included from /home/runner/work/BeautyApp/BeautyApp/app/src/main/cpp/ai/ai.cpp:1:
2026-01-09T19:36:42.3165700Z   In file included from /home/runner/work/BeautyApp/BeautyApp/app/src/main/cpp/ai/ai.h:7:
2026-01-09T19:36:42.3166917Z   /home/runner/work/BeautyApp/BeautyApp/app/src/main/cpp/ai/YoloDetector.h:2:10: fatal error: 'opencv2/opencv.hpp' file not found
2026-01-09T19:36:42.3167884Z       2 | #include <opencv2/opencv.hpp>
2026-01-09T19:36:42.3168433Z         |          ^~~~~~~~~~~~~~~~~~~~
2026-01-09T19:36:42.3168794Z   1 error generated.
2026-01-09T19:36:42.3169285Z   [3/6] Building CXX object CMakeFiles/beautyapp.dir/filters/filters.cpp.o
2026-01-09T19:36:42.3169975Z   FAILED: CMakeFiles/beautyapp.dir/filters/filters.cpp.o 
2026-01-09T19:36:42.3174548Z   /usr/local/lib/android/sdk/ndk/28.2.13676358/toolchains/llvm/prebuilt/linux-x86_64/bin/clang++ --target=aarch64-none-linux-android26 --sysroot=/usr/local/lib/android/sdk/ndk/28.2.13676358/toolchains/llvm/prebuilt/linux-x86_64/sysroot -Dbeautyapp_EXPORTS  -g -DANDROID -fdata-sections -ffunction-sections -funwind-tables -fstack-protector-strong -no-canonical-prefixes -D_FORTIFY_SOURCE=2 -Wformat -Werror=format-security  -std=c++17 -fno-limit-debug-info  -fPIC -MD -MT CMakeFiles/beautyapp.dir/filters/filters.cpp.o -MF CMakeFiles/beautyapp.dir/filters/filters.cpp.o.d -o CMakeFiles/beautyapp.dir/filters/filters.cpp.o -c /home/runner/work/BeautyApp/BeautyApp/app/src/main/cpp/filters/filters.cpp
2026-01-09T19:36:42.3179479Z   In file included from /home/runner/work/BeautyApp/BeautyApp/app/src/main/cpp/filters/filters.cpp:1:
2026-01-09T19:36:42.3180778Z   /home/runner/work/BeautyApp/BeautyApp/app/src/main/cpp/filters/filters.h:3:10: fatal error: 'opencv2/opencv.hpp' file not found
2026-01-09T19:36:42.3181731Z       3 | #include <opencv2/opencv.hpp>
2026-01-09T19:36:42.3182127Z         |          ^~~~~~~~~~~~~~~~~~~~
2026-01-09T19:36:42.3182486Z   1 error generated.
2026-01-09T19:36:42.3182985Z   [4/6] Building CXX object CMakeFiles/beautyapp.dir/ai/YoloDetector.cpp.o
2026-01-09T19:36:42.3183687Z   FAILED: CMakeFiles/beautyapp.dir/ai/YoloDetector.cpp.o 
2026-01-09T19:36:42.3188492Z   /usr/local/lib/android/sdk/ndk/28.2.13676358/toolchains/llvm/prebuilt/linux-x86_64/bin/clang++ --target=aarch64-none-linux-android26 --sysroot=/usr/local/lib/android/sdk/ndk/28.2.13676358/toolchains/llvm/prebuilt/linux-x86_64/sysroot -Dbeautyapp_EXPORTS  -g -DANDROID -fdata-sections -ffunction-sections -funwind-tables -fstack-protector-strong -no-canonical-prefixes -D_FORTIFY_SOURCE=2 -Wformat -Werror=format-security  -std=c++17 -fno-limit-debug-info  -fPIC -MD -MT CMakeFiles/beautyapp.dir/ai/YoloDetector.cpp.o -MF CMakeFiles/beautyapp.dir/ai/YoloDetector.cpp.o.d -o CMakeFiles/beautyapp.dir/ai/YoloDetector.cpp.o -c /home/runner/work/BeautyApp/BeautyApp/app/src/main/cpp/ai/YoloDetector.cpp
2026-01-09T19:36:42.3193328Z   In file included from /home/runner/work/BeautyApp/BeautyApp/app/src/main/cpp/ai/YoloDetector.cpp:1:
2026-01-09T19:36:42.3194634Z   /home/runner/work/BeautyApp/BeautyApp/app/src/main/cpp/ai/YoloDetector.h:2:10: fatal error: 'opencv2/opencv.hpp' file not found
2026-01-09T19:36:42.3195587Z       2 | #include <opencv2/opencv.hpp>
2026-01-09T19:36:42.3195980Z         |          ^~~~~~~~~~~~~~~~~~~~
2026-01-09T19:36:42.3196347Z   1 error generated.
2026-01-09T19:36:42.3196809Z   [5/6] Building CXX object CMakeFiles/beautyapp.dir/native-lib.cpp.o
2026-01-09T19:36:42.3197706Z   FAILED: CMakeFiles/beautyapp.dir/native-lib.cpp.o 
2026-01-09T19:36:42.3202431Z   /usr/local/lib/android/sdk/ndk/28.2.13676358/toolchains/llvm/prebuilt/linux-x86_64/bin/clang++ --target=aarch64-none-linux-android26 --sysroot=/usr/local/lib/android/sdk/ndk/28.2.13676358/toolchains/llvm/prebuilt/linux-x86_64/sysroot -Dbeautyapp_EXPORTS  -g -DANDROID -fdata-sections -ffunction-sections -funwind-tables -fstack-protector-strong -no-canonical-prefixes -D_FORTIFY_SOURCE=2 -Wformat -Werror=format-security  -std=c++17 -fno-limit-debug-info  -fPIC -MD -MT CMakeFiles/beautyapp.dir/native-lib.cpp.o -MF CMakeFiles/beautyapp.dir/native-lib.cpp.o.d -o CMakeFiles/beautyapp.dir/native-lib.cpp.o -c /home/runner/work/BeautyApp/BeautyApp/app/src/main/cpp/native-lib.cpp
2026-01-09T19:36:42.3207240Z   /home/runner/work/BeautyApp/BeautyApp/app/src/main/cpp/native-lib.cpp:5:10: fatal error: 'opencv2/imgproc.hpp' file not found
2026-01-09T19:36:42.3215794Z       5 | #include <opencv2/imgproc.hpp>
2026-01-09T19:36:42.3216362Z         |          ^~~~~~~~~~~~~~~~~~~~~
2026-01-09T19:36:42.3216786Z   1 error generated.
2026-01-09T19:36:42.3217170Z   ninja: build stopped: subcommand failed.
2026-01-09T19:36:42.3217586Z   
2026-01-09T19:36:42.3217924Z   C++ build system [build] failed while executing:
2026-01-09T19:36:42.3218696Z       /usr/local/lib/android/sdk/cmake/3.22.1/bin/ninja \
2026-01-09T19:36:42.3219199Z         -C \
2026-01-09T19:36:42.3219719Z         /home/runner/work/BeautyApp/BeautyApp/app/.cxx/Debug/1y472r4q/arm64-v8a \
2026-01-09T19:36:42.3220405Z         beautyapp
2026-01-09T19:36:42.3220777Z     from /home/runner/work/BeautyApp/BeautyApp/app
2026-01-09T19:36:42.3221137Z 
2026-01-09T19:36:42.3221241Z * Try:
2026-01-09T19:36:42.3221602Z > Run with --stacktrace option to get the stack trace.
2026-01-09T19:36:42.3222215Z > Run with --info or --debug option to get more log output.
2026-01-09T19:36:42.3222770Z > Run with --scan to get full insights.
2026-01-09T19:36:42.3223258Z > Get more help at https://help.gradle.org.
2026-01-09T19:36:42.3223631Z 
2026-01-09T19:36:42.3223758Z BUILD FAILED in 5m 8s
2026-01-09T19:36:42.3224114Z 31 actionable tasks: 31 executed
2026-01-09T19:36:42.8161054Z ##[error]Process completed with exit code 1.
2026-01-09T19:36:42.8274151Z Post job cleanup.
2026-01-09T19:36:43.0176322Z Post job cleanup.
2026-01-09T19:36:43.1161561Z [command]/usr/bin/git version
2026-01-09T19:36:43.1200534Z git version 2.52.0
2026-01-09T19:36:43.1246886Z Temporarily overriding HOME='/home/runner/work/_temp/eeb820ab-8662-4028-8b1a-caa0dcdf9cc2' before making global git config changes
2026-01-09T19:36:43.1248028Z Adding repository directory to the temporary git global config as a safe directory
2026-01-09T19:36:43.1253222Z [command]/usr/bin/git config --global --add safe.directory /home/runner/work/BeautyApp/BeautyApp
2026-01-09T19:36:43.1293503Z [command]/usr/bin/git config --local --name-only --get-regexp core\.sshCommand
2026-01-09T19:36:43.1327867Z [command]/usr/bin/git submodule foreach --recursive sh -c "git config --local --name-only --get-regexp 'core\.sshCommand' && git config --local --unset-all 'core.sshCommand' || :"
2026-01-09T19:36:43.1567947Z [command]/usr/bin/git config --local --name-only --get-regexp http\.https\:\/\/github\.com\/\.extraheader
2026-01-09T19:36:43.1613298Z http.https://github.com/.extraheader
2026-01-09T19:36:43.1615073Z [command]/usr/bin/git config --local --unset-all http.https://github.com/.extraheader
2026-01-09T19:36:43.1640693Z [command]/usr/bin/git submodule foreach --recursive sh -c "git config --local --name-only --get-regexp 'http\.https\:\/\/github\.com\/\.extraheader' && git config --local --unset-all 'http.https://github.com/.extraheader' || :"
2026-01-09T19:36:43.1870375Z [command]/usr/bin/git config --local --name-only --get-regexp ^includeIf\.gitdir:
2026-01-09T19:36:43.1905001Z [command]/usr/bin/git submodule foreach --recursive git config --local --show-origin --name-only --get-regexp remote.origin.url
2026-01-09T19:36:43.2249483Z Cleaning up orphan processes
2026-01-09T19:36:43.2529599Z Terminate orphan process: pid (2164) (java)
2026-01-09T19:36:43.2551718Z Terminate orphan process: pid (2452) (java)